// Jest Snapshot v1, https://goo.gl/fbAQLP

exports[`Performance component test suite smoke test, snapshot only  1`] = `
<DocumentFragment>
  .c0 {
  display: grid;
  grid-template-columns: repeat(1,1fr);
  grid-column-gap: 40px;
  padding: 20px;
}

.c1 {
  border: none;
  padding: 16px 30px;
  border-radius: 10px;
  background-color: #0084ff;
  color: #fff;
  -webkit-transition: background-color .2s ease-out;
  transition: background-color .2s ease-out;
  display: inline-block;
  -webkit-text-decoration: none;
  text-decoration: none;
}

.c1:hover {
  cursor: pointer;
  background-color: #a7c3dc;
}

.c1:active,
.c1:focus {
  outline: none;
}

<div
    class="c0"
  >
    <div>
      <h1>
        Performance
      </h1>
      <p>
        <a
          class="c1"
          download=""
          href="./assets/instructions.pdf"
        >
          Download instructions
        </a>
      </p>
    </div>
  </div>
</DocumentFragment>
`;
