// Jest Snapshot v1, https://goo.gl/fbAQLP

exports[`App component test suite smoke test, snapshot only  1`] = `
<DocumentFragment>
  .c1 {
  display: grid;
  grid-template-columns: repeat(1,1fr);
  grid-column-gap: 40px;
  padding: 40px;
}

.c3 {
  border: none;
  padding: 16px 30px;
  border-radius: 24px;
  background-color: #726a95;
  color: #fff;
  display: inline-block;
  -webkit-text-decoration: none;
  text-decoration: none;
}

.c3:hover {
  cursor: pointer;
  background-color: #8d83b8;
}

.c3:active,
.c3:focus {
  outline: none;
}

.c2 {
  color: #726a95;
}

.c2:hover {
  color: #8d83b8;
}

.c0 {
  font-family: 'Manrope',sans-serif;
}

<div
    class="c0"
  >
    <a
      href="/"
    >
      home
    </a>
    <a
      href="/comments"
    >
      comments
    </a>
    <a
      href="/performance"
    >
      performance
    </a>
    <div>
      <div
        class="c1"
      >
        <div>
          <h1>
            Real world one test exercise
          </h1>
          <a
            class="c2"
            href="/some"
          >
            Other page
          </a>
          <p>
            <a
              class="c3"
              download=""
              href="./assets/instructions.pdf"
            >
              Download instructions
            </a>
          </p>
        </div>
      </div>
    </div>
  </div>
</DocumentFragment>
`;
