// Jest Snapshot v1, https://goo.gl/fbAQLP

exports[`Client test suite should mount the app on the document 1`] = `"<main id=\\"app-wrapper\\"><div class=\\"sc-gtssRu lbpfFX\\"><div><h1>Hello world</h1><button class=\\"sc-bdnylx gmAbqR\\">Button</button></div></div></main>"`;

exports[`Client test suite should mount the app on the document with hot module replacement 1`] = `"<main id=\\"app-wrapper\\"><div class=\\"sc-gtssRu lbpfFX\\"><div><h1>Hello world</h1><button class=\\"sc-bdnylx gmAbqR\\">Button</button></div></div></main><main id=\\"app-wrapper\\"></main>"`;

exports[`Client test suite should mount the app on the document with hot module replacement on 1`] = `"<main id=\\"app-wrapper\\"><div class=\\"sc-gtssRu lbpfFX\\"><div><h1>Hello world</h1><button class=\\"sc-bdnylx gmAbqR\\">Button</button></div></div></main><main id=\\"app-wrapper\\"></main>"`;
